admin.vsec.com.vn
blog.vsec.com.vn
vsec.com.vn
api.vm.vsec.com.vn
identity.vsec.com.vn
www.vsec.com.vn
vm.vsec.com.vn
support.vsec.com.vn
portaladmin.vsec.com.vn
api.support.vsec.com.vn
somethingnotexists.vsec.com.vn
